2025-12-07 18:07:28[ERROR] Formatter 'stylua' error: error: could not format from stdin: failed to format from stdin: error parsing: unexpected token `vim` (14:1 to 14:4), unexpected statement after last statement

2025-12-07 18:07:48[ERROR] Formatter 'stylua' error: error: could not format from stdin: failed to format from stdin: error parsing: unexpected token `vim` (14:1 to 14:4), unexpected statement after last statement

2025-12-07 18:08:30[ERROR] Formatter 'stylua' error: error: could not format from stdin: failed to format from stdin: error parsing: 
 - unexpected token `=` (13:22 to 13:23), expected `}` after last field
 - unexpected token `=` (13:22 to 13:23), unexpected token, this needs to be a statement
 - unexpected token `vim` (14:3 to 14:6), unexpected statement after last statement
 - unexpected token `}` (15:1 to 15:2), unexpected token, this needs to be a statement

2025-12-07 19:09:11[ERROR] Formatter 'stylua' error: error: could not format from stdin: failed to format from stdin: error parsing: 
 - unexpected character ⠀ (1:2 to 1:3)
 - unexpected character ⠀ (1:3 to 1:4)
 - unexpected character ⠀ (1:4 to 1:5)
 - unexpected character ⠀ (1:5 to 1:6)
 - unexpected character ⠀ (1:6 to 1:7)
 - unexpected character ⠀ (1:7 to 1:8)
 - unexpected character ⠀ (1:8 to 1:9)
 - unexpected character ⠀ (1:9 to 1:10)
 - unexpected character ⠀ (1:10 to 1:11)
 - unexpected character ⠀ (1:11 to 1:12)
 - unexpected character ⠀ (1:12 to 1:13)
 - unexpected character ⠀ (1:13 to 1:14)
 - unexpected character ⠀ (1:14 to 1:15)
 - unexpected character ⠀ (1:15 to 1:16)
 - unexpected character ⠀ (1:16 to 1:17)
 - unexpected character ⠀ (1:17 to 1:18)
 - unexpected character ⠀ (1:18 to 1:19)
 - unexpected character ⠀ (1:19 to 1:20)
 - unexpected character ⠀ (1:20 to 1:21)
 - unexpected character ⠀ (1:21 to 1:22)
 - unexpected character ⠀ (1:22 to 1:23)
 - unexpected character ⠀ (1:23 to 1:24)
 - unexpected character ⠀ (1:24 to 1:25)
 - unexpected character ⠀ (1:25 to 1:26)
 - unexpected character ⠀ (1:26 to 1:27)
 - unexpected character ⠀ (1:27 to 1:28)
 - unexpected character ⡀ (1:28 to 1:29)
 - unexpected character ⠀ (1:29 to 1:30)
 - unexpected character ⠀ (1:30 to 1:31)
 - unexpected character ⠀ (1:31 to 1:32)
 - unexpected character ⠀ (1:32 to 1:33)
 - unexpected character ⠀ (1:33 to 1:34)
 - unexpected character ⠀ (1:34 to 1:35)
 - unexpected character ⠀ (1:35 to 1:36)
 - unexpected character ⠀ (1:36 to 1:37)
 - unexpected character ⠀ (1:37 to 1:38)
 - unexpected character ⠀ (1:38 to 1:39)
 - unexpected character ⠀ (1:39 to 1:40)
 - unexpected character ⠀ (1:40 to 1:41)
 - unexpected character ⠀ (1:41 to 1:42)
 - unexpected character ⠀ (1:42 to 1:43)
 - unexpected character ⠀ (1:43 to 1:44)
 - unexpected character ⠀ (1:44 to 1:45)
 - unexpected character ⠀ (1:45 to 1:46)
 - unexpected character ⠀ (1:46 to 1:47)
 - unexpected character ⠀ (1:47 to 1:48)
 - unexpected character ⠀ (1:48 to 1:49)
 - unexpected character ⠀ (1:49 to 1:50)
 - unexpected character ⠀ (1:50 to 1:51)
 - unexpected character ⠀ (1:51 to 1:52)
 - unexpected character ⠀ (1:52 to 1:53)
 - unexpected character ⠀ (1:53 to 1:54)
 - unexpected character ⠀ (1:54 to 1:55)
 - unexpected character ⠀ (1:55 to 1:56)
 - unexpected character ⠀ (1:56 to 1:57)
 - unexpected character ⠀ (1:57 to 1:58)
 - unexpected character ⠀ (1:58 to 1:59)
 - unexpected character ⠀ (1:59 to 1:60)
 - unexpected character ⠀ (1:60 to 1:61)
 - unexpected character ⠀ (1:61 to 1:62)
 - unexpected character ⠀ (1:62 to 1:63)
 - unexpected character ⠀ (1:63 to 1:64)
 - unexpected character ⠀ (2:1 to 2:2)
 - unexpected character ⠀ (2:2 to 2:3)
 - unexpected character ⠀ (2:3 to 2:4)
 - unexpected character ⠀ (2:4 to 2:5)
 - unexpected character ⠀ (2:5 to 2:6)
 - unexpected character ⠀ (2:6 to 2:7)
 - unexpected character ⠀ (2:7 to 2:8)
 - unexpected character ⠀ (2:8 to 2:9)
 - unexpected character ⠀ (2:9 to 2:10)
 - unexpected character ⠀ (2:10 to 2:11)
 - unexpected character ⠀ (2:11 to 2:12)
 - unexpected character ⠀ (2:12 to 2:13)
 - unexpected character ⠀ (2:13 to 2:14)
 - unexpected character ⠀ (2:14 to 2:15)
 - unexpected character ⠀ (2:15 to 2:16)
 - unexpected character ⠀ (2:16 to 2:17)
 - unexpected character ⠀ (2:17 to 2:18)
 - unexpected character ⠀ (2:18 to 2:19)
 - unexpected character ⠀ (2:19 to 2:20)
 - unexpected character ⠀ (2:20 to 2:21)
 - unexpected character ⠀ (2:21 to 2:22)
 - unexpected character ⠀ (2:22 to 2:23)
 - unexpected character ⠀ (2:23 to 2:24)
 - unexpected character ⠀ (2:24 to 2:25)
 - unexpected character ⠀ (2:25 to 2:26)
 - unexpected character ⠀ (2:26 to 2:27)
 - unexpected character ⠀ (2:27 to 2:28)
 - unexpected character ⢸ (2:28 to 2:29)
 - unexpected character ⠂ (2:29 to 2:30)
 - unexpected character ⢱ (2:30 to 2:31)
 - unexpected character ⣠ (2:31 to 2:32)
 - unexpected character ⣤ (2:32 to 2:33)
 - unexpected character ⡄ (2:33 to 2:34)
 - unexpected character ⠀ (2:34 to 2:35)
 - unexpected character ⢸ (2:35 to 2:36)
 - unexpected character ⣼ (2:36 to 2:37)
 - unexpected character ⡇ (2:37 to 2:38)
 - unexpected character ⠀ (2:38 to 2:39)
 - unexpected character ⠀ (2:39 to 2:40)
 - unexpected character ⠀ (2:40 to 2:41)
 - unexpected character ⠀ (2:41 to 2:42)
 - unexpected character ⠀ (2:42 to 2:43)
 - unexpected character ⠀ (2:43 to 2:44)
 - unexpected character ⠀ (2:44 to 2:45)
 - unexpected character ⠀ (2:45 to 2:46)
 - unexpected character ⠀ (2:46 to 2:47)
 - unexpected character ⠀ (2:47 to 2:48)
 - unexpected character ⠀ (2:48 to 2:49)
 - unexpected character ⠀ (2:49 to 2:50)
 - unexpected character ⠀ (2:50 to 2:51)
 - unexpected character ⠀ (2:51 to 2:52)
 - unexpected character ⠀ (2:52 to 2:53)
 - unexpected character ⠀ (2:53 to 2:54)
 - unexpected character ⠀ (2:54 to 2:55)
 - unexpected character ⠀ (2:55 to 2:56)
 - unexpected character ⠀ (2:56 to 2:57)
 - unexpected character ⠀ (2:57 to 2:58)
 - unexpected character ⠀ (2:58 to 2:59)
 - unexpected character ⠀ (2:59 to 2:60)
 - unexpected character ⠀ (2:60 to 2:61)
 - unexpected character ⠀ (2:61 to 2:62)
 - unexpected character ⠀ (2:62 to 2:63)
 - unexpected character ⠀ (2:63 to 2:64)
 - unexpected character ⠀ (2:64 to 2:65)
 - unexpected character ⠀ (2:65 to 2:66)
 - unexpected character ⠀ (3:1 to 3:2)
 - unexpected character ⠀ (3:2 to 3:3)
 - unexpected character ⠀ (3:3 to 3:4)
 - unexpected character ⠀ (3:4 to 3:5)
 - unexpected character ⠀ (3:5 to 3:6)
 - unexpected character ⠀ (3:6 to 3:7)
 - unexpected character ⠀ (3:7 to 3:8)
 - unexpected character ⠀ (3:8 to 3:9)
 - unexpected character ⠀ (3:9 to 3:10)
 - unexpected character ⠀ (3:10 to 3:11)
 - unexpected character ⠀ (3:11 to 3:12)
 - unexpected character ⠀ (3:12 to 3:13)
 - unexpected character ⠀ (3:13 to 3:14)
 - unexpected character ⠀ (3:14 to 3:15)
 - unexpected character ⠀ (3:15 to 3:16)
 - unexpected character ⠀ (3:16 to 3:17)
 - unexpected character ⠀ (3:17 to 3:18)
 - unexpected character ⠀ (3:18 to 3:19)
 - unexpected character ⠀ (3:19 to 3:20)
 - unexpected character ⠀ (3:20 to 3:21)
 - unexpected character ⠀ (3:21 to 3:22)
 - unexpected character ⠀ (3:22 to 3:23)
 - unexpected character ⠀ (3:23 to 3:24)
 - unexpected character ⠀ (3:24 to 3:25)
 - unexpected character ⠀ (3:25 to 3:26)
 - unexpected character ⠀ (3:26 to 3:27)
 - unexpected character ⠀ (3:27 to 3:28)
 - unexpected character ⠈ (3:28 to 3:29)
 - unexpected character ⣇ (3:29 to 3:30)
 - unexpected character ⣻ (3:30 to 3:31)
 - unexpected character ⣿ (3:31 to 3:32)
 - unexpected character ⣿ (3:32 to 3:33)
 - unexpected character ⣿ (3:33 to 3:34)
 - unexpected character ⣆ (3:34 to 3:35)
 - unexpected character ⢈ (3:35 to 3:36)
 - unexpected character ⣿ (3:36 to 3:37)
 - unexpected character ⡇ (3:37 to 3:38)
 - unexpected character ⠀ (3:38 to 3:39)
 - unexpected character ⠀ (3:39 to 3:40)
 - unexpected character ⠀ (3:40 to 3:41)
 - unexpected character ⠀ (3:41 to 3:42)
 - unexpected character ⠀ (3:42 to 3:43)
 - unexpected character ⠀ (3:43 to 3:44)
 - unexpected character ⠀ (3:44 to 3:45)
 - unexpected character ⠀ (3:45 to 3:46)
 - unexpected character ⠀ (3:46 to 3:47)
 - unexpected character ⠀ (3:47 to 3:48)
 - unexpected character ⠀ (3:48 to 3:49)
 - unexpected character ⠀ (3:49 to 3:50)
 - unexpected character ⠀ (3:50 to 3:51)
 - unexpected character ⠀ (3:51 to 3:52)
 - unexpected character ⠀ (3:52 to 3:53)
 - unexpected character ⠀ (3:53 to 3:54)
 - unexpected character ⠀ (3:54 to 3:55)
 - unexpected character ⠀ (3:55 to 3:56)
 - unexpected character ⠀ (3:56 to 3:57)
 - unexpected character ⠀ (3:57 to 3:58)
 - unexpected character ⠀ (3:58 to 3:59)
 - unexpected character ⠀ (3:59 to 3:60)
 - unexpected character ⠀ (3:60 to 3:61)
 - unexpected character ⠀ (3:61 to 3:62)
 - unexpected character ⠀ (3:62 to 3:63)
 - unexpected character ⠀ (3:63 to 3:64)
 - unexpected character ⠀ (3:64 to 3:65)
 - unexpected character ⠀ (3:65 to 3:66)
 - unexpected character ⠀ (4:2 to 4:3)
 - unexpected character ⠀ (4:3 to 4:4)
 - unexpected character ⠀ (4:4 to 4:5)
 - unexpected character ⠀ (4:5 to 4:6)
 - unexpected character ⠀ (4:6 to 4:7)
 - unexpected character ⠀ (4:7 to 4:8)
 - unexpected character ⠀ (4:8 to 4:9)
 - unexpected character ⠀ (4:9 to 4:10)
 - unexpected character ⠀ (4:10 to 4:11)
 - unexpected character ⠀ (4:11 to 4:12)
 - unexpected character ⠀ (4:12 to 4:13)
 - unexpected character ⠀ (4:13 to 4:14)
 - unexpected character ⠀ (4:14 to 4:15)
 - unexpected character ⠀ (4:15 to 4:16)
 - unexpected character ⠀ (4:16 to 4:17)
 - unexpected character ⠀ (4:17 to 4:18)
 - unexpected character ⠀ (4:18 to 4:19)
 - unexpected character ⠀ (4:19 to 4:20)
 - unexpected character ⠀ (4:20 to 4:21)
 - unexpected character ⠀ (4:21 to 4:22)
 - unexpected character ⠀ (4:22 to 4:23)
 - unexpected character ⠀ (4:23 to 4:24)
 - unexpected character ⠀ (4:24 to 4:25)
 - unexpected character ⠀ (4:25 to 4:26)
 - unexpected character ⠀ (4:26 to 4:27)
 - unexpected character ⠀ (4:27 to 4:28)
 - unexpected character ⠀ (4:28 to 4:29)
 - unexpected character ⣼ (4:29 to 4:30)
 - unexpected character ⣿ (4:30 to 4:31)
 - unexpected character ⣿ (4:31 to 4:32)
 - unexpected character ⣿ (4:32 to 4:33)
 - unexpected character ⡟ (4:33 to 4:34)
 - unexpected character ⣿ (4:34 to 4:35)
 - unexpected character ⣼ (4:35 to 4:36)
 - unexpected character ⣿ (4:36 to 4:37)
 - unexpected character ⠇ (4:37 to 4:38)
 - unexpected character ⠀ (4:38 to 4:39)
 - unexpected character ⠀ (4:39 to 4:40)
 - unexpected character ⠀ (4:40 to 4:41)
 - unexpected character ⠀ (4:41 to 4:42)
 - unexpected character ⠀ (4:42 to 4:43)
 - unexpected character ⠀ (4:43 to 4:44)
 - unexpected character ⠀ (4:44 to 4:45)
 - unexpected character ⠀ (4:45 to 4:46)
 - unexpected character ⠀ (4:46 to 4:47)
 - unexpected character ⠀ (4:47 to 4:48)
 - unexpected character ⠀ (4:48 to 4:49)
 - unexpected character ⠀ (4:49 to 4:50)
 - unexpected character ⠀ (4:50 to 4:51)
 - unexpected character ⠀ (4:51 to 4:52)
 - unexpected character ⠀ (4:52 to 4:53)
 - unexpected character ⠀ (4:53 to 4:54)
 - unexpected character ⠀ (4:54 to 4:55)
 - unexpected character ⠀ (4:55 to 4:56)
 - unexpected character ⠀ (4:56 to 4:57)
 - unexpected character ⠀ (4:57 to 4:58)
 - unexpected character ⠀ (4:58 to 4:59)
 - unexpected character ⠀ (4:59 to 4:60)
 - unexpected character ⠀ (4:60 to 4:61)
 - unexpected character ⠀ (4:61 to 4:62)
 - unexpected character ⠀ (4:62 to 4:63)
 - unexpected character ⠀ (4:63 to 4:64)
 - unexpected character ⠀ (4:64 to 4:65)
 - unexpected character ⠀ (4:65 to 4:66)
 - unexpected character ⠀ (5:3 to 5:4)
 - unexpected character ⠀ (5:4 to 5:5)
 - unexpected character ⠀ (5:5 to 5:6)
 - unexpected character ⠀ (5:6 to 5:7)
 - unexpected character ⠀ (5:7 to 5:8)
 - unexpected character ⠀ (5:8 to 5:9)
 - unexpected character ⠀ (5:9 to 5:10)
 - unexpected character ⠀ (5:10 to 5:11)
 - unexpected character ⠀ (5:11 to 5:12)
 - unexpected character ⠀ (5:12 to 5:13)
 - unexpected character ⢧ (5:13 to 5:14)
 - unexpected character ⠀ (5:14 to 5:15)
 - unexpected character ⠀ (5:15 to 5:16)
 - unexpected character ⠀ (5:16 to 5:17)
 - unexpected character ⠀ (5:17 to 5:18)
 - unexpected character ⠀ (5:18 to 5:19)
 - unexpected character ⠀ (5:19 to 5:20)
 - unexpected character ⠀ (5:20 to 5:21)
 - unexpected character ⠀ (5:21 to 5:22)
 - unexpected character ⠀ (5:22 to 5:23)
 - unexpected character ⠀ (5:23 to 5:24)
 - unexpected character ⠀ (5:24 to 5:25)
 - unexpected character ⠀ (5:25 to 5:26)
 - unexpected character ⠀ (5:26 to 5:27)
 - unexpected character ⠀ (5:27 to 5:28)
 - unexpected character ⢠ (5:28 to 5:29)
 - unexpected character ⡿ (5:29 to 5:30)
 - unexpected character ⣿ (5:30 to 5:31)
 - unexpected character ⠘ (5:31 to 5:32)
 - unexpected character ⣿ (5:32 to 5:33)
 - unexpected character ⣧ (5:33 to 5:34)
 - unexpected character ⣿ (5:34 to 5:35)
 - unexpected character ⣿ (5:35 to 5:36)
 - unexpected character ⣾ (5:36 to 5:37)
 - unexpected character ⠀ (5:37 to 5:38)
 - unexpected character ⠀ (5:38 to 5:39)
 - unexpected character ⠀ (5:39 to 5:40)
 - unexpected character ⠀ (5:40 to 5:41)
 - unexpected character ⠀ (5:41 to 5:42)
 - unexpected character ⠀ (5:42 to 5:43)
 - unexpected character ⠀ (5:43 to 5:44)
 - unexpected character ⠀ (5:44 to 5:45)
 - unexpected character ⠀ (5:45 to 5:46)
 - unexpected character ⠀ (5:46 to 5:47)
 - unexpected character ⠀ (5:47 to 5:48)
 - unexpected character ⠀ (5:48 to 5:49)
 - unexpected character ⠀ (5:49 to 5:50)
 - unexpected character ⠀ (5:50 to 5:51)
 - unexpected character ⠀ (5:51 to 5:52)
 - unexpected character ⠀ (5:52 to 5:53)
 - unexpected character ⠀ (5:53 to 5:54)
 - unexpected character ⠀ (5:54 to 5:55)
 - unexpected character ⠀ (5:55 to 5:56)
 - unexpected character ⠀ (5:56 to 5:57)
 - unexpected character ⠀ (5:57 to 5:58)
 - unexpected character ⠀ (5:58 to 5:59)
 - unexpected character ⠀ (5:59 to 5:60)
 - unexpected character ⠀ (5:60 to 5:61)
 - unexpected character ⠀ (5:61 to 5:62)
 - unexpected character ⠀ (5:62 to 5:63)
 - unexpected character ⠀ (5:63 to 5:64)
 - unexpected character ⠀ (5:64 to 5:65)
 - unexpected character ⠀ (5:65 to 5:66)
 - unexpected character ⠀ (6:3 to 6:4)
 - unexpected character ⠀ (6:4 to 6:5)
 - unexpected character ⠀ (6:5 to 6:6)
 - unexpected character ⠀ (6:6 to 6:7)
 - unexpected character ⠀ (6:7 to 6:8)
 - unexpected character ⠀ (6:8 to 6:9)
 - unexpected character ⠀ (6:9 to 6:10)
 - unexpected character ⠀ (6:10 to 6:11)
 - unexpected character ⠀ (6:11 to 6:12)
 - unexpected character ⠀ (6:12 to 6:13)
 - unexpected character ⠈ (6:13 to 6:14)
 - unexpected character ⣇ (6:14 to 6:15)
 - unexpected character ⣴ (6:15 to 6:16)
 - unexpected character ⡶ (6:16 to 6:17)
 - unexpected character ⣶ (6:17 to 6:18)
 - unexpected character ⠶ (6:18 to 6:19)
 - unexpected character ⢤ (6:19 to 6:20)
 - unexpected character ⡀ (6:20 to 6:21)
 - unexpected character ⠀ (6:21 to 6:22)
 - unexpected character ⠀ (6:22 to 6:23)
 - unexpected character ⠀ (6:23 to 6:24)
 - unexpected character ⠀ (6:24 to 6:25)
 - unexpected character ⠀ (6:25 to 6:26)
 - unexpected character ⠀ (6:26 to 6:27)
 - unexpected character ⠀ (6:27 to 6:28)
 - unexpected character ⢘ (6:28 to 6:29)
 - unexpected character ⣷ (6:29 to 6:30)
 - unexpected character ⣿ (6:30 to 6:31)
 - unexpected character ⡼ (6:31 to 6:32)
 - unexpected character ⣾ (6:32 to 6:33)
 - unexpected character ⣿ (6:33 to 6:34)
 - unexpected character ⣿ (6:34 to 6:35)
 - unexpected character ⣿ (6:35 to 6:36)
 - unexpected character ⡟ (6:36 to 6:37)
 - unexpected character ⠀ (6:37 to 6:38)
 - unexpected character ⠀ (6:38 to 6:39)
 - unexpected character ⠀ (6:39 to 6:40)
 - unexpected character ⠀ (6:40 to 6:41)
 - unexpected character ⠀ (6:41 to 6:42)
 - unexpected character ⠀ (6:42 to 6:43)
 - unexpected character ⠀ (6:43 to 6:44)
 - unexpected character ⠀ (6:44 to 6:45)
 - unexpected character ⢀ (6:45 to 6:46)
 - unexpected character ⣀ (6:46 to 6:47)
 - unexpected character ⣠ (6:47 to 6:48)
 - unexpected character ⣤ (6:48 to 6:49)
 - unexpected character ⣀ (6:49 to 6:50)
 - unexpected character ⣆ (6:50 to 6:51)
 - unexpected character ⠀ (6:51 to 6:52)
 - unexpected character ⠀ (6:52 to 6:53)
 - unexpected character ⠀ (6:53 to 6:54)
 - unexpected character ⠀ (6:54 to 6:55)
 - unexpected character ⠀ (6:55 to 6:56)
 - unexpected character ⠀ (6:56 to 6:57)
 - unexpected character ⠀ (6:57 to 6:58)
 - unexpected character ⠀ (6:58 to 6:59)
 - unexpected character ⠀ (6:59 to 6:60)
 - unexpected character ⠀ (6:60 to 6:61)
 - unexpected character ⠀ (6:61 to 6:62)
 - unexpected character ⠀ (6:62 to 6:63)
 - unexpected character ⠀ (6:63 to 6:64)
 - unexpected character ⠀ (6:64 to 6:65)
 - unexpected character ⠀ (6:65 to 6:66)
 - unexpected character ⠀ (7:1 to 7:2)
 - unexpected character ⠸ (7:5 to 7:6)
 - unexpected character ⣿ (7:6 to 7:7)
 - unexpected character ⢷ (7:7 to 7:8)
 - unexpected character ⡄ (7:8 to 7:9)
 - unexpected character ⠀ (7:9 to 7:10)
 - unexpected character ⠀ (7:10 to 7:11)
 - unexpected character ⠀ (7:11 to 7:12)
 - unexpected character ⢀ (7:12 to 7:13)
 - unexpected character ⣴ (7:13 to 7:14)
 - unexpected character ⣿ (7:14 to 7:15)
 - unexpected character ⡟ (7:15 to 7:16)
 - unexpected character ⣷ (7:16 to 7:17)
 - unexpected character ⣿ (7:17 to 7:18)
 - unexpected character ⡇ (7:18 to 7:19)
 - unexpected character ⠻ (7:19 to 7:20)
 - unexpected character ⣿ (7:20 to 7:21)
 - unexpected character ⢦ (7:21 to 7:22)
 - unexpected character ⡀ (7:22 to 7:23)
 - unexpected character ⠀ (7:23 to 7:24)
 - unexpected character ⠀ (7:24 to 7:25)
 - unexpected character ⠀ (7:25 to 7:26)
 - unexpected character ⠀ (7:26 to 7:27)
 - unexpected character ⠀ (7:27 to 7:28)
 - unexpected character ⢸ (7:28 to 7:29)
 - unexpected character ⣿ (7:29 to 7:30)
 - unexpected character ⣿ (7:30 to 7:31)
 - unexpected character ⣷ (7:31 to 7:32)
 - unexpected character ⣾ (7:32 to 7:33)
 - unexpected character ⣿ (7:33 to 7:34)
 - unexpected character ⣿ (7:34 to 7:35)
 - unexpected character ⡾ (7:35 to 7:36)
 - unexpected character ⠁ (7:36 to 7:37)
 - unexpected character ⠀ (7:37 to 7:38)
 - unexpected character ⠀ (7:38 to 7:39)
 - unexpected character ⠀ (7:39 to 7:40)
 - unexpected character ⠀ (7:40 to 7:41)
 - unexpected character ⠀ (7:41 to 7:42)
 - unexpected character ⠀ (7:42 to 7:43)
 - unexpected character ⢀ (7:43 to 7:44)
 - unexpected character ⣴ (7:44 to 7:45)
 - unexpected character ⡾ (7:45 to 7:46)
 - unexpected character ⢿ (7:46 to 7:47)
 - unexpected character ⡇ (7:47 to 7:48)
 - unexpected character ⣼ (7:48 to 7:49)
 - unexpected character ⢣ (7:49 to 7:50)
 - unexpected character ⠟ (7:50 to 7:51)
 - unexpected character ⣦ (7:51 to 7:52)
 - unexpected character ⠀ (7:52 to 7:53)
 - unexpected character ⠀ (7:53 to 7:54)
 - unexpected character ⠀ (7:54 to 7:55)
 - unexpected character ⠀ (7:55 to 7:56)
 - unexpected character ⠀ (7:56 to 7:57)
 - unexpected character ⠀ (7:57 to 7:58)
 - unexpected character ⠀ (7:58 to 7:59)
 - unexpected character ⠀ (7:59 to 7:60)
 - unexpected character ⠀ (7:60 to 7:61)
 - unexpected character ⠀ (7:61 to 7:62)
 - unexpected character ⠀ (7:62 to 7:63)
 - unexpected character ⠀ (7:63 to 7:64)
 - unexpected character ⠀ (7:64 to 7:65)
 - unexpected character ⠀ (7:65 to 7:66)
 - unexpected character ⠀ (8:5 to 8:6)
 - unexpected character ⠘ (8:6 to 8:7)
 - unexpected character ⢧ (8:7 to 8:8)
 - unexpected character ⣻ (8:8 to 8:9)
 - unexpected character ⡀ (8:9 to 8:10)
 - unexpected character ⠀ (8:10 to 8:11)
 - unexpected character ⠀ (8:11 to 8:12)
 - unexpected character ⣸ (8:12 to 8:13)
 - unexpected character ⡟ (8:13 to 8:14)
 - unexpected character ⣿ (8:14 to 8:15)
 - unexpected character ⣽ (8:15 to 8:16)
 - unexpected character ⡸ (8:16 to 8:17)
 - unexpected character ⡏ (8:17 to 8:18)
 - unexpected character ⣇ (8:18 to 8:19)
 - unexpected character ⣉ (8:19 to 8:20)
 - unexpected character ⠸ (8:20 to 8:21)
 - unexpected character ⣿ (8:21 to 8:22)
 - unexpected character ⢿ (8:22 to 8:23)
 - unexpected character ⣦ (8:23 to 8:24)
 - unexpected character ⠀ (8:24 to 8:25)
 - unexpected character ⠀ (8:25 to 8:26)
 - unexpected character ⠀ (8:26 to 8:27)
 - unexpected character ⠀ (8:27 to 8:28)
 - unexpected character ⠘ (8:28 to 8:29)
 - unexpected character ⣿ (8:29 to 8:30)
 - unexpected character ⣿ (8:30 to 8:31)
 - unexpected character ⣿ (8:31 to 8:32)
 - unexpected character ⣼ (8:32 to 8:33)
 - unexpected character ⣿ (8:33 to 8:34)
 - unexpected character ⣿ (8:34 to 8:35)
 - unexpected character ⠁ (8:35 to 8:36)
 - unexpected character ⠀ (8:36 to 8:37)
 - unexpected character ⠀ (8:37 to 8:38)
 - unexpected character ⠀ (8:38 to 8:39)
 - unexpected character ⠀ (8:39 to 8:40)
 - unexpected character ⠀ (8:40 to 8:41)
 - unexpected character ⢀ (8:41 to 8:42)
 - unexpected character ⡴ (8:42 to 8:43)
 - unexpected character ⣿ (8:43 to 8:44)
 - unexpected character ⠟ (8:44 to 8:45)
 - unexpected character ⣡ (8:45 to 8:46)
 - unexpected character ⣺ (8:46 to 8:47)
 - unexpected character ⡇ (8:47 to 8:48)
 - unexpected character ⡇ (8:48 to 8:49)
 - unexpected character ⢸ (8:49 to 8:50)
 - unexpected character ⠃ (8:50 to 8:51)
 - unexpected character ⢸ (8:51 to 8:52)
 - unexpected character ⣧ (8:52 to 8:53)
 - unexpected character ⠀ (8:53 to 8:54)
 - unexpected character ⠀ (8:54 to 8:55)
 - unexpected character ⢀ (8:55 to 8:56)
 - unexpected character ⣆ (8:56 to 8:57)
 - unexpected character ⠀ (8:57 to 8:58)
 - unexpected character ⠀ (8:58 to 8:59)
 - unexpected character ⠀ (8:59 to 8:60)
 - unexpected character ⠀ (8:60 to 8:61)
 - unexpected character ⠀ (8:61 to 8:62)
 - unexpected character ⠀ (8:62 to 8:63)
 - unexpected character ⠀ (8:63 to 8:64)
 - unexpected character ⠀ (8:64 to 8:65)
 - unexpected character ⠀ (8:65 to 8:66)
 - unexpected character ⠀ (9:5 to 9:6)
 - unexpected character ⠀ (9:6 to 9:7)
 - unexpected character ⢍ (9:7 to 9:8)
 - unexpected character ⣻ (9:8 to 9:9)
 - unexpected character ⣿ (9:9 to 9:10)
 - unexpected character ⡁ (9:10 to 9:11)
 - unexpected character ⠀ (9:11 to 9:12)
 - unexpected character ⢸ (9:12 to 9:13)
 - unexpected character ⣯ (9:13 to 9:14)
 - unexpected character ⣿ (9:14 to 9:15)
 - unexpected character ⣿ (9:15 to 9:16)
 - unexpected character ⡗ (9:16 to 9:17)
 - unexpected character ⢿ (9:17 to 9:18)
 - unexpected character ⣿ (9:18 to 9:19)
 - unexpected character ⢻ (9:19 to 9:20)
 - unexpected character ⣶ (9:20 to 9:21)
 - unexpected character ⠘ (9:21 to 9:22)
 - unexpected character ⣯ (9:22 to 9:23)
 - unexpected character ⢿ (9:23 to 9:24)
 - unexpected character ⣧ (9:24 to 9:25)
 - unexpected character ⠀ (9:25 to 9:26)
 - unexpected character ⠀ (9:26 to 9:27)
 - unexpected character ⠀ (9:27 to 9:28)
 - unexpected character ⠀ (9:28 to 9:29)
 - unexpected character ⣿ (9:29 to 9:30)
 - unexpected character ⣿ (9:30 to 9:31)
 - unexpected character ⠼ (9:31 to 9:32)
 - unexpected character ⣿ (9:32 to 9:33)
 - unexpected character ⡉ (9:33 to 9:34)
 - unexpected character ⣁ (9:34 to 9:35)
 - unexpected character ⠀ (9:35 to 9:36)
 - unexpected character ⠀ (9:36 to 9:37)
 - unexpected character ⠀ (9:37 to 9:38)
 - unexpected character ⠀ (9:38 to 9:39)
 - unexpected character ⠀ (9:39 to 9:40)
 - unexpected character ⣠ (9:40 to 9:41)
 - unexpected character ⣿ (9:41 to 9:42)
 - unexpected character ⣵ (9:42 to 9:43)
 - unexpected character ⣿ (9:43 to 9:44)
 - unexpected character ⣬ (9:44 to 9:45)
 - unexpected character ⣾ (9:45 to 9:46)
 - unexpected character ⠯ (9:46 to 9:47)
 - unexpected character ⣷ (9:47 to 9:48)
 - unexpected character ⡇ (9:48 to 9:49)
 - unexpected character ⢸ (9:49 to 9:50)
 - unexpected character ⢂ (9:50 to 9:51)
 - unexpected character ⣿ (9:51 to 9:52)
 - unexpected character ⢾ (9:52 to 9:53)
 - unexpected character ⠀ (9:53 to 9:54)
 - unexpected character ⢠ (9:54 to 9:55)
 - unexpected character ⣾ (9:55 to 9:56)
 - unexpected character ⠃ (9:56 to 9:57)
 - unexpected character ⠀ (9:57 to 9:58)
 - unexpected character ⠀ (9:58 to 9:59)
 - unexpected character ⠀ (9:59 to 9:60)
 - unexpected character ⠀ (9:60 to 9:61)
 - unexpected character ⠀ (9:61 to 9:62)
 - unexpected character ⠀ (9:62 to 9:63)
 - unexpected character ⠀ (9:63 to 9:64)
 - unexpected character ⠀ (9:64 to 9:65)
 - unexpected character ⠀ (9:65 to 9:66)
 - unexpected character ⠀ (10:6 to 10:7)
 - unexpected character ⠀ (10:7 to 10:8)
 - unexpected character ⢈ (10:8 to 10:9)
 - unexpected character ⢻ (10:9 to 10:10)
 - unexpected character ⣿ (10:10 to 10:11)
 - unexpected character ⣦ (10:11 to 10:12)
 - unexpected character ⣹ (10:12 to 10:13)
 - unexpected character ⣿ (10:13 to 10:14)
 - unexpected character ⠹ (10:14 to 10:15)
 - unexpected character ⣿ (10:15 to 10:16)
 - unexpected character ⣿ (10:16 to 10:17)
 - unexpected character ⣸ (10:17 to 10:18)
 - unexpected character ⣿ (10:18 to 10:19)
 - unexpected character ⣿ (10:19 to 10:20)
 - unexpected character ⣿ (10:20 to 10:21)
 - unexpected character ⡀ (10:21 to 10:22)
 - unexpected character ⠼ (10:22 to 10:23)
 - unexpected character ⣿ (10:23 to 10:24)
 - unexpected character ⣿ (10:24 to 10:25)
 - unexpected character ⡇ (10:25 to 10:26)
 - unexpected character ⠀ (10:26 to 10:27)
 - unexpected character ⠀ (10:27 to 10:28)
 - unexpected character ⠀ (10:28 to 10:29)
 - unexpected character ⢻ (10:29 to 10:30)
 - unexpected character ⣿ (10:30 to 10:31)
 - unexpected character ⣿ (10:31 to 10:32)
 - unexpected character ⣯ (10:32 to 10:33)
 - unexpected character ⠟ (10:33 to 10:34)
 - unexpected character ⠛ (10:34 to 10:35)
 - unexpected character ⠀ (10:35 to 10:36)
 - unexpected character ⠀ (10:36 to 10:37)
 - unexpected character ⠀ (10:37 to 10:38)
 - unexpected character ⠊ (10:38 to 10:39)
 - unexpected character ⣣ (10:39 to 10:40)
 - unexpected character ⣿ (10:40 to 10:41)
 - unexpected character ⣿ (10:41 to 10:42)
 - unexpected character ⣿ (10:42 to 10:43)
 - unexpected character ⣿ (10:43 to 10:44)
 - unexpected character ⢹ (10:44 to 10:45)
 - unexpected character ⠋ (10:45 to 10:46)
 - unexpected character ⣀ (10:46 to 10:47)
 - unexpected character ⣿ (10:47 to 10:48)
 - unexpected character ⠇ (10:48 to 10:49)
 - unexpected character ⣸ (10:49 to 10:50)
 - unexpected character ⣿ (10:50 to 10:51)
 - unexpected character ⢋ (10:51 to 10:52)
 - unexpected character ⣿ (10:52 to 10:53)
 - unexpected character ⣠ (10:53 to 10:54)
 - unexpected character ⢯ (10:54 to 10:55)
 - unexpected character ⡞ (10:55 to 10:56)
 - unexpected character ⠀ (10:56 to 10:57)
 - unexpected character ⠀ (10:57 to 10:58)
 - unexpected character ⠀ (10:58 to 10:59)
 - unexpected character ⠀ (10:59 to 10:60)
 - unexpected character ⠀ (10:60 to 10:61)
 - unexpected character ⠀ (10:61 to 10:62)
 - unexpected character ⠀ (10:62 to 10:63)
 - unexpected character ⠀ (10:63 to 10:64)
 - unexpected character ⠀ (10:64 to 10:65)
 - unexpected character ⠀ (10:65 to 10:66)
 - unexpected character ⠀ (11:7 to 11:8)
 - unexpected character ⠀ (11:8 to 11:9)
 - unexpected character ⠈ (11:9 to 11:10)
 - unexpected character ⠙ (11:10 to 11:11)
 - unexpected character ⢿ (11:11 to 11:12)
 - unexpected character ⣹ (11:12 to 11:13)
 - unexpected character ⣿ (11:13 to 11:14)
 - unexpected character ⣿ (11:14 to 11:15)
 - unexpected character ⣽ (11:15 to 11:16)
 - unexpected character ⣿ (11:16 to 11:17)
 - unexpected character ⣿ (11:17 to 11:18)
 - unexpected character ⠻ (11:18 to 11:19)
 - unexpected character ⣟ (11:19 to 11:20)
 - unexpected character ⢿ (11:20 to 11:21)
 - unexpected character ⣷ (11:21 to 11:22)
 - unexpected character ⡄ (11:22 to 11:23)
 - unexpected character ⠾ (11:23 to 11:24)
 - unexpected character ⣿ (11:24 to 11:25)
 - unexpected character ⣿ (11:25 to 11:26)
 - unexpected character ⡄ (11:26 to 11:27)
 - unexpected character ⠀ (11:27 to 11:28)
 - unexpected character ⠀ (11:28 to 11:29)
 - unexpected character ⢹ (11:29 to 11:30)
 - unexpected character ⣿ (11:30 to 11:31)
 - unexpected character ⡏ (11:31 to 11:32)
 - unexpected character ⢿ (11:32 to 11:33)
 - unexpected character ⣷ (11:33 to 11:34)
 - unexpected character ⡁ (11:34 to 11:35)
 - unexpected character ⠀ (11:35 to 11:36)
 - unexpected character ⠀ (11:36 to 11:37)
 - unexpected character ⠀ (11:37 to 11:38)
 - unexpected character ⢠ (11:38 to 11:39)
 - unexpected character ⡿ (11:39 to 11:40)
 - unexpected character ⣹ (11:40 to 11:41)
 - unexpected character ⣯ (11:41 to 11:42)
 - unexpected character ⡿ (11:42 to 11:43)
 - unexpected character ⠇ (11:43 to 11:44)
 - unexpected character ⣾ (11:44 to 11:45)
 - unexpected character ⠀ (11:45 to 11:46)
 - unexpected character ⠺ (11:46 to 11:47)
 - unexpected character ⣇ (11:47 to 11:48)
 - unexpected character ⡆ (11:48 to 11:49)
 - unexpected character ⢸ (11:49 to 11:50)
 - unexpected character ⡟ (11:50 to 11:51)
 - unexpected character ⣸ (11:51 to 11:52)
 - unexpected character ⡿ (11:52 to 11:53)
 - unexpected character ⢣ (11:53 to 11:54)
 - unexpected character ⠏ (11:54 to 11:55)
 - unexpected character ⠀ (11:55 to 11:56)
 - unexpected character ⠀ (11:56 to 11:57)
 - unexpected character ⠀ (11:57 to 11:58)
 - unexpected character ⠀ (11:58 to 11:59)
 - unexpected character ⠀ (11:59 to 11:60)
 - unexpected character ⠀ (11:60 to 11:61)
 - unexpected character ⠀ (11:61 to 11:62)
 - unexpected character ⠀ (11:62 to 11:63)
 - unexpected character ⠀ (11:63 to 11:64)
 - unexpected character ⠀ (11:64 to 11:65)
 - unexpected character ⠀ (11:65 to 11:66)
 - unexpected character ⠀ (12:8 to 12:9)
 - unexpected character ⠀ (12:9 to 12:10)
 - unexpected character ⠀ (12:10 to 12:11)
 - unexpected character ⠀ (12:11 to 12:12)
 - unexpected character ⠙ (12:12 to 12:13)
 - unexpected character ⢯ (12:13 to 12:14)
 - unexpected character ⡿ (12:14 to 12:15)
 - unexpected character ⣿ (12:15 to 12:16)
 - unexpected character ⣿ (12:16 to 12:17)
 - unexpected character ⣿ (12:17 to 12:18)
 - unexpected character ⢁ (12:18 to 12:19)
 - unexpected character ⡋ (12:19 to 12:20)
 - unexpected character ⠙ (12:20 to 12:21)
 - unexpected character ⣿ (12:21 to 12:22)
 - unexpected character ⣃ (12:22 to 12:23)
 - unexpected character ⠟ (12:23 to 12:24)
 - unexpected character ⣼ (12:24 to 12:25)
 - unexpected character ⡹ (12:25 to 12:26)
 - unexpected character ⣷ (12:26 to 12:27)
 - unexpected character ⠀ (12:27 to 12:28)
 - unexpected character ⠀ (12:28 to 12:29)
 - unexpected character ⢺ (12:29 to 12:30)
 - unexpected character ⡷ (12:30 to 12:31)
 - unexpected character ⢿ (12:31 to 12:32)
 - unexpected character ⣏ (12:32 to 12:33)
 - unexpected character ⣻ (12:33 to 12:34)
 - unexpected character ⡇ (12:34 to 12:35)
 - unexpected character ⠀ (12:35 to 12:36)
 - unexpected character ⠀ (12:36 to 12:37)
 - unexpected character ⠀ (12:37 to 12:38)
 - unexpected character ⣾ (12:38 to 12:39)
 - unexpected character ⡇ (12:39 to 12:40)
 - unexpected character ⣿ (12:40 to 12:41)
 - unexpected character ⣟ (12:41 to 12:42)
 - unexpected character ⡆ (12:42 to 12:43)
 - unexpected character ⢠ (12:43 to 12:44)
 - unexpected character ⠇ (12:44 to 12:45)
 - unexpected character ⠀ (12:45 to 12:46)
 - unexpected character ⠠ (12:46 to 12:47)
 - unexpected character ⣏ (12:47 to 12:48)
 - unexpected character ⣻ (12:48 to 12:49)
 - unexpected character ⣿ (12:49 to 12:50)
 - unexpected character ⣷ (12:50 to 12:51)
 - unexpected character ⣟ (12:51 to 12:52)
 - unexpected character ⣡ (12:52 to 12:53)
 - unexpected character ⠏ (12:53 to 12:54)
 - unexpected character ⠀ (12:54 to 12:55)
 - unexpected character ⠀ (12:55 to 12:56)
 - unexpected character ⠀ (12:56 to 12:57)
 - unexpected character ⠀ (12:57 to 12:58)
 - unexpected character ⠀ (12:58 to 12:59)
 - unexpected character ⠀ (12:59 to 12:60)
 - unexpected character ⠀ (12:60 to 12:61)
 - unexpected character ⠀ (12:61 to 12:62)
 - unexpected character ⠀ (12:62 to 12:63)
 - unexpected character ⠀ (12:63 to 12:64)
 - unexpected character ⠀ (12:64 to 12:65)
 - unexpected character ⠀ (12:65 to 12:66)
 - unexpected character ⢻ (13:7 to 13:8)
 - unexpected character ⡀ (13:8 to 13:9)
 - unexpected character ⠀ (13:9 to 13:10)
 - unexpected character ⠀ (13:10 to 13:11)
 - unexpected character ⠀ (13:11 to 13:12)
 - unexpected character ⠀ (13:12 to 13:13)
 - unexpected character ⠀ (13:13 to 13:14)
 - unexpected character ⠙ (13:14 to 13:15)
 - unexpected character ⢿ (13:15 to 13:16)
 - unexpected character ⣿ (13:16 to 13:17)
 - unexpected character ⣿ (13:17 to 13:18)
 - unexpected character ⣿ (13:18 to 13:19)
 - unexpected character ⡇ (13:19 to 13:20)
 - unexpected character ⠀ (13:20 to 13:21)
 - unexpected character ⢿ (13:21 to 13:22)
 - unexpected character ⣧ (13:22 to 13:23)
 - unexpected character ⢛ (13:23 to 13:24)
 - unexpected character ⢦ (13:24 to 13:25)
 - unexpected character ⣛ (13:25 to 13:26)
 - unexpected character ⣿ (13:26 to 13:27)
 - unexpected character ⡆ (13:27 to 13:28)
 - unexpected character ⠀ (13:28 to 13:29)
 - unexpected character ⣻ (13:29 to 13:30)
 - unexpected character ⣕ (13:30 to 13:31)
 - unexpected character ⣫ (13:31 to 13:32)
 - unexpected character ⢿ (13:32 to 13:33)
 - unexpected character ⣬ (13:33 to 13:34)
 - unexpected character ⣿ (13:34 to 13:35)
 - unexpected character ⡄ (13:35 to 13:36)
 - unexpected character ⠀ (13:36 to 13:37)
 - unexpected character ⢸ (13:37 to 13:38)
 - unexpected character ⣯ (13:38 to 13:39)
 - unexpected character ⢻ (13:39 to 13:40)
 - unexpected character ⣼ (13:40 to 13:41)
 - unexpected character ⣿ (13:41 to 13:42)
 - unexpected character ⢣ (13:42 to 13:43)
 - unexpected character ⡞ (13:43 to 13:44)
 - unexpected character ⠀ (13:44 to 13:45)
 - unexpected character ⠀ (13:45 to 13:46)
 - unexpected character ⠀ (13:46 to 13:47)
 - unexpected character ⢻ (13:47 to 13:48)
 - unexpected character ⣿ (13:48 to 13:49)
 - unexpected character ⣿ (13:49 to 13:50)
 - unexpected character ⣿ (13:50 to 13:51)
 - unexpected character ⠿ (13:51 to 13:52)
 - unexpected character ⠁ (13:52 to 13:53)
 - unexpected character ⠀ (13:53 to 13:54)
 - unexpected character ⠀ (13:54 to 13:55)
 - unexpected character ⠀ (13:55 to 13:56)
 - unexpected character ⠀ (13:56 to 13:57)
 - unexpected character ⠀ (13:57 to 13:58)
 - unexpected character ⣠ (13:58 to 13:59)
 - unexpected character ⠀ (13:59 to 13:60)
 - unexpected character ⠀ (13:60 to 13:61)
 - unexpected character ⠀ (13:61 to 13:62)
 - unexpected character ⠀ (13:62 to 13:63)
 - unexpected character ⠀ (13:63 to 13:64)
 - unexpected character ⠀ (13:64 to 13:65)
 - unexpected character ⠀ (13:65 to 13:66)
 - unexpected character ⠘ (14:7 to 14:8)
 - unexpected character ⣷ (14:8 to 14:9)
 - unexpected character ⠀ (14:9 to 14:10)
 - unexpected character ⠀ (14:10 to 14:11)
 - unexpected character ⠀ (14:11 to 14:12)
 - unexpected character ⠀ (14:12 to 14:13)
 - unexpected character ⠀ (14:13 to 14:14)
 - unexpected character ⠀ (14:14 to 14:15)
 - unexpected character ⠀ (14:15 to 14:16)
 - unexpected character ⠈ (14:16 to 14:17)
 - unexpected character ⠻ (14:17 to 14:18)
 - unexpected character ⣿ (14:18 to 14:19)
 - unexpected character ⡿ (14:19 to 14:20)
 - unexpected character ⢢ (14:20 to 14:21)
 - unexpected character ⠘ (14:21 to 14:22)
 - unexpected character ⣧ (14:22 to 14:23)
 - unexpected character ⣏ (14:23 to 14:24)
 - unexpected character ⠶ (14:24 to 14:25)
 - unexpected character ⣩ (14:25 to 14:26)
 - unexpected character ⢿ (14:26 to 14:27)
 - unexpected character ⣷ (14:27 to 14:28)
 - unexpected character ⠀ (14:28 to 14:29)
 - unexpected character ⣹ (14:29 to 14:30)
 - unexpected character ⡞ (14:30 to 14:31)
 - unexpected character ⡴ (14:31 to 14:32)
 - unexpected character ⢫ (14:32 to 14:33)
 - unexpected character ⡱ (14:33 to 14:34)
 - unexpected character ⣻ (14:34 to 14:35)
 - unexpected character ⣧ (14:35 to 14:36)
 - unexpected character ⠀ (14:36 to 14:37)
 - unexpected character ⢸ (14:37 to 14:38)
 - unexpected character ⣿ (14:38 to 14:39)
 - unexpected character ⢹ (14:39 to 14:40)
 - unexpected character ⣿ (14:40 to 14:41)
 - unexpected character ⡿ (14:41 to 14:42)
 - unexpected character ⠁ (14:42 to 14:43)
 - unexpected character ⢠ (14:43 to 14:44)
 - unexpected character ⠀ (14:44 to 14:45)
 - unexpected character ⠀ (14:45 to 14:46)
 - unexpected character ⠀ (14:46 to 14:47)
 - unexpected character ⢼ (14:47 to 14:48)
 - unexpected character ⣿ (14:48 to 14:49)
 - unexpected character ⣿ (14:49 to 14:50)
 - unexpected character ⠇ (14:50 to 14:51)
 - unexpected character ⠀ (14:51 to 14:52)
 - unexpected character ⠀ (14:52 to 14:53)
 - unexpected character ⠀ (14:53 to 14:54)
 - unexpected character ⠀ (14:54 to 14:55)
 - unexpected character ⠀ (14:55 to 14:56)
 - unexpected character ⠀ (14:56 to 14:57)
 - unexpected character ⢠ (14:57 to 14:58)
 - unexpected character ⡟ (14:58 to 14:59)
 - unexpected character ⠀ (14:59 to 14:60)
 - unexpected character ⠀ (14:60 to 14:61)
 - unexpected character ⠀ (14:61 to 14:62)
 - unexpected character ⠀ (14:62 to 14:63)
 - unexpected character ⠀ (14:63 to 14:64)
 - unexpected character ⠀ (14:64 to 14:65)
 - unexpected character ⠀ (14:65 to 14:66)
 - unexpected character ⢸ (15:8 to 15:9)
 - unexpected character ⣦ (15:9 to 15:10)
 - unexpected character ⠀ (15:10 to 15:11)
 - unexpected character ⠀ (15:11 to 15:12)
 - unexpected character ⠀ (15:12 to 15:13)
 - unexpected character ⠀ (15:13 to 15:14)
 - unexpected character ⠀ (15:14 to 15:15)
 - unexpected character ⠀ (15:15 to 15:16)
 - unexpected character ⠈ (15:16 to 15:17)
 - unexpected character ⠀ (15:17 to 15:18)
 - unexpected character ⠉ (15:18 to 15:19)
 - unexpected character ⠁ (15:19 to 15:20)
 - unexpected character ⠀ (15:20 to 15:21)
 - unexpected character ⠀ (15:21 to 15:22)
 - unexpected character ⣿ (15:22 to 15:23)
 - unexpected character ⣎ (15:23 to 15:24)
 - unexpected character ⠵ (15:24 to 15:25)
 - unexpected character ⣩ (15:25 to 15:26)
 - unexpected character ⢿ (15:26 to 15:27)
 - unexpected character ⣼ (15:27 to 15:28)
 - unexpected character ⠀ (15:28 to 15:29)
 - unexpected character ⣼ (15:29 to 15:30)
 - unexpected character ⡛ (15:30 to 15:31)
 - unexpected character ⣜ (15:31 to 15:32)
 - unexpected character ⢣ (15:32 to 15:33)
 - unexpected character ⠳ (15:33 to 15:34)
 - unexpected character ⣽ (15:34 to 15:35)
 - unexpected character ⣿ (15:35 to 15:36)
 - unexpected character ⡀ (15:36 to 15:37)
 - unexpected character ⢸ (15:37 to 15:38)
 - unexpected character ⡽ (15:38 to 15:39)
 - unexpected character ⢸ (15:39 to 15:40)
 - unexpected character ⣟ (15:40 to 15:41)
 - unexpected character ⣻ (15:41 to 15:42)
 - unexpected character ⣷ (15:42 to 15:43)
 - unexpected character ⣆ (15:43 to 15:44)
 - unexpected character ⠀ (15:44 to 15:45)
 - unexpected character ⠀ (15:45 to 15:46)
 - unexpected character ⠀ (15:46 to 15:47)
 - unexpected character ⠲ (15:47 to 15:48)
 - unexpected character ⠿ (15:48 to 15:49)
 - unexpected character ⠉ (15:49 to 15:50)
 - unexpected character ⠀ (15:50 to 15:51)
 - unexpected character ⠀ (15:51 to 15:52)
 - unexpected character ⠀ (15:52 to 15:53)
 - unexpected character ⠀ (15:53 to 15:54)
 - unexpected character ⠀ (15:54 to 15:55)
 - unexpected character ⠀ (15:55 to 15:56)
 - unexpected character ⠀ (15:56 to 15:57)
 - unexpected character ⡟ (15:57 to 15:58)
 - unexpected character ⠁ (15:58 to 15:59)
 - unexpected character ⠀ (15:59 to 15:60)
 - unexpected character ⠀ (15:60 to 15:61)
 - unexpected character ⠀ (15:61 to 15:62)
 - unexpected character ⠀ (15:62 to 15:63)
 - unexpected character ⠀ (15:63 to 15:64)
 - unexpected character ⠀ (15:64 to 15:65)
 - unexpected character ⠀ (15:65 to 15:66)
 - unexpected character ⢿ (16:9 to 16:10)
 - unexpected character ⡀ (16:10 to 16:11)
 - unexpected character ⠀ (16:11 to 16:12)
 - unexpected character ⠀ (16:12 to 16:13)
 - unexpected character ⠀ (16:13 to 16:14)
 - unexpected character ⠀ (16:14 to 16:15)
 - unexpected character ⠀ (16:15 to 16:16)
 - unexpected character ⠀ (16:16 to 16:17)
 - unexpected character ⠀ (16:17 to 16:18)
 - unexpected character ⠀ (16:18 to 16:19)
 - unexpected character ⠀ (16:19 to 16:20)
 - unexpected character ⠀ (16:20 to 16:21)
 - unexpected character ⠀ (16:21 to 16:22)
 - unexpected character ⢘ (16:22 to 16:23)
 - unexpected character ⣯ (16:23 to 16:24)
 - unexpected character ⣚ (16:24 to 16:25)
 - unexpected character ⢥ (16:25 to 16:26)
 - unexpected character ⡻ (16:26 to 16:27)
 - unexpected character ⣼ (16:27 to 16:28)
 - unexpected character ⡇ (16:28 to 16:29)
 - unexpected character ⢾ (16:29 to 16:30)
 - unexpected character ⡹ (16:30 to 16:31)
 - unexpected character ⣌ (16:31 to 16:32)
 - unexpected character ⢧ (16:32 to 16:33)
 - unexpected character ⢛ (16:33 to 16:34)
 - unexpected character ⡴ (16:34 to 16:35)
 - unexpected character ⣿ (16:35 to 16:36)
 - unexpected character ⡇ (16:36 to 16:37)
 - unexpected character ⢸ (16:37 to 16:38)
 - unexpected character ⡇ (16:38 to 16:39)
 - unexpected character ⣿ (16:39 to 16:40)
 - unexpected character ⢸ (16:40 to 16:41)
 - unexpected character ⣿ (16:41 to 16:42)
 - unexpected character ⣼ (16:42 to 16:43)
 - unexpected character ⡇ (16:43 to 16:44)
 - unexpected character ⠀ (16:44 to 16:45)
 - unexpected character ⠀ (16:45 to 16:46)
 - unexpected character ⠀ (16:46 to 16:47)
 - unexpected character ⠀ (16:47 to 16:48)
 - unexpected character ⠀ (16:48 to 16:49)
 - unexpected character ⠀ (16:49 to 16:50)
 - unexpected character ⠀ (16:50 to 16:51)
 - unexpected character ⠀ (16:51 to 16:52)
 - unexpected character ⠀ (16:52 to 16:53)
 - unexpected character ⠀ (16:53 to 16:54)
 - unexpected character ⠀ (16:54 to 16:55)
 - unexpected character ⠀ (16:55 to 16:56)
 - unexpected character ⣼ (16:56 to 16:57)
 - unexpected character ⠁ (16:57 to 16:58)
 - unexpected character ⠀ (16:58 to 16:59)
 - unexpected character ⠀ (16:59 to 16:60)
 - unexpected character ⠀ (16:60 to 16:61)
 - unexpected character ⠀ (16:61 to 16:62)
 - unexpected character ⠀ (16:62 to 16:63)
 - unexpected character ⠀ (16:63 to 16:64)
 - unexpected character ⠀ (16:64 to 16:65)
 - unexpected character ⠀ (16:65 to 16:66)
 - unexpected character ⣞ (17:9 to 17:10)
 - unexpected character ⣿ (17:10 to 17:11)
 - unexpected character ⣄ (17:11 to 17:12)
 - unexpected character ⠀ (17:12 to 17:13)
 - unexpected character ⠀ (17:13 to 17:14)
 - unexpected character ⠀ (17:14 to 17:15)
 - unexpected character ⠀ (17:15 to 17:16)
 - unexpected character ⠀ (17:16 to 17:17)
 - unexpected character ⠀ (17:17 to 17:18)
 - unexpected character ⠀ (17:18 to 17:19)
 - unexpected character ⠀ (17:19 to 17:20)
 - unexpected character ⠀ (17:20 to 17:21)
 - unexpected character ⠛ (17:21 to 17:22)
 - unexpected character ⣿ (17:22 to 17:23)
 - unexpected character ⠙ (17:23 to 17:24)
 - unexpected character ⣿ (17:24 to 17:25)
 - unexpected character ⣻ (17:25 to 17:26)
 - unexpected character ⣶ (17:26 to 17:27)
 - unexpected character ⢿ (17:27 to 17:28)
 - unexpected character ⣷ (17:28 to 17:29)
 - unexpected character ⣿ (17:29 to 17:30)
 - unexpected character ⡳ (17:30 to 17:31)
 - unexpected character ⣜ (17:31 to 17:32)
 - unexpected character ⢪ (17:32 to 17:33)
 - unexpected character ⢇ (17:33 to 17:34)
 - unexpected character ⠞ (17:34 to 17:35)
 - unexpected character ⣿ (17:35 to 17:36)
 - unexpected character ⣇ (17:36 to 17:37)
 - unexpected character ⣼ (17:37 to 17:38)
 - unexpected character ⡱ (17:38 to 17:39)
 - unexpected character ⣞ (17:39 to 17:40)
 - unexpected character ⣇ (17:40 to 17:41)
 - unexpected character ⣿ (17:41 to 17:42)
 - unexpected character ⣳ (17:42 to 17:43)
 - unexpected character ⢿ (17:43 to 17:44)
 - unexpected character ⠄ (17:44 to 17:45)
 - unexpected character ⠀ (17:45 to 17:46)
 - unexpected character ⠀ (17:46 to 17:47)
 - unexpected character ⠀ (17:47 to 17:48)
 - unexpected character ⠀ (17:48 to 17:49)
 - unexpected character ⠀ (17:49 to 17:50)
 - unexpected character ⠀ (17:50 to 17:51)
 - unexpected character ⠀ (17:51 to 17:52)
 - unexpected character ⠀ (17:52 to 17:53)
 - unexpected character ⠀ (17:53 to 17:54)
 - unexpected character ⣠ (17:54 to 17:55)
 - unexpected character ⠾ (17:55 to 17:56)
 - unexpected character ⠛ (17:56 to 17:57)
 - unexpected character ⠁ (17:57 to 17:58)
 - unexpected character ⠀ (17:58 to 17:59)
 - unexpected character ⠀ (17:59 to 17:60)
 - unexpected character ⠀ (17:60 to 17:61)
 - unexpected character ⠀ (17:61 to 17:62)
 - unexpected character ⠀ (17:62 to 17:63)
 - unexpected character ⠀ (17:63 to 17:64)
 - unexpected character ⠀ (17:64 to 17:65)
 - unexpected character ⠀ (17:65 to 17:66)
 - unexpected character ⢿ (18:8 to 18:9)
 - unexpected character ⣿ (18:9 to 18:10)
 - unexpected character ⣞ (18:10 to 18:11)
 - unexpected character ⡟ (18:11 to 18:12)
 - unexpected character ⣧ (18:12 to 18:13)
 - unexpected character ⣄ (18:13 to 18:14)
 - unexpected character ⠀ (18:14 to 18:15)
 - unexpected character ⠀ (18:15 to 18:16)
 - unexpected character ⠀ (18:16 to 18:17)
 - unexpected character ⠀ (18:17 to 18:18)
 - unexpected character ⠀ (18:18 to 18:19)
 - unexpected character ⠀ (18:19 to 18:20)
 - unexpected character ⠀ (18:20 to 18:21)
 - unexpected character ⠀ (18:21 to 18:22)
 - unexpected character ⣿ (18:22 to 18:23)
 - unexpected character ⣿ (18:23 to 18:24)
 - unexpected character ⡅ (18:24 to 18:25)
 - unexpected character ⣻ (18:25 to 18:26)
 - unexpected character ⣿ (18:26 to 18:27)
 - unexpected character ⣷ (18:27 to 18:28)
 - unexpected character ⣿ (18:28 to 18:29)
 - unexpected character ⢯ (18:29 to 18:30)
 - unexpected character ⣱ (18:30 to 18:31)
 - unexpected character ⣎ (18:31 to 18:32)
 - unexpected character ⣧ (18:32 to 18:33)
 - unexpected character ⣎ (18:33 to 18:34)
 - unexpected character ⣽ (18:34 to 18:35)
 - unexpected character ⠷ (18:35 to 18:36)
 - unexpected character ⡿ (18:36 to 18:37)
 - unexpected character ⢿ (18:37 to 18:38)
 - unexpected character ⣰ (18:38 to 18:39)
 - unexpected character ⡿ (18:39 to 18:40)
 - unexpected character ⣹ (18:40 to 18:41)
 - unexpected character ⣿ (18:41 to 18:42)
 - unexpected character ⠏ (18:42 to 18:43)
 - unexpected character ⢸ (18:43 to 18:44)
 - unexpected character ⡆ (18:44 to 18:45)
 - unexpected character ⠀ (18:45 to 18:46)
 - unexpected character ⠀ (18:46 to 18:47)
 - unexpected character ⠀ (18:47 to 18:48)
 - unexpected character ⠀ (18:48 to 18:49)
 - unexpected character ⠀ (18:49 to 18:50)
 - unexpected character ⠀ (18:50 to 18:51)
 - unexpected character ⠀ (18:51 to 18:52)
 - unexpected character ⣠ (18:52 to 18:53)
 - unexpected character ⡾ (18:53 to 18:54)
 - unexpected character ⡁ (18:54 to 18:55)
 - unexpected character ⣠ (18:55 to 18:56)
 - unexpected character ⠂ (18:56 to 18:57)
 - unexpected character ⠀ (18:57 to 18:58)
 - unexpected character ⠀ (18:58 to 18:59)
 - unexpected character ⠀ (18:59 to 18:60)
 - unexpected character ⠀ (18:60 to 18:61)
 - unexpected character ⠀ (18:61 to 18:62)
 - unexpected character ⠀ (18:62 to 18:63)
 - unexpected character ⠀ (18:63 to 18:64)
 - unexpected character ⠀ (18:64 to 18:65)
 - unexpected character ⠀ (18:65 to 18:66)
 - unexpected character ⢿ (19:9 to 19:10)
 - unexpected character ⣿ (19:10 to 19:11)
 - unexpected character ⡿ (19:11 to 19:12)
 - unexpected character ⣝ (19:12 to 19:13)
 - unexpected character ⢿ (19:13 to 19:14)
 - unexpected character ⣷ (19:14 to 19:15)
 - unexpected character ⢦ (19:15 to 19:16)
 - unexpected character ⣀ (19:16 to 19:17)
 - unexpected character ⠀ (19:17 to 19:18)
 - unexpected character ⠀ (19:18 to 19:19)
 - unexpected character ⠀ (19:19 to 19:20)
 - unexpected character ⠀ (19:20 to 19:21)
 - unexpected character ⢠ (19:21 to 19:22)
 - unexpected character ⣿ (19:22 to 19:23)
 - unexpected character ⢿ (19:23 to 19:24)
 - unexpected character ⣷ (19:24 to 19:25)
 - unexpected character ⢨ (19:25 to 19:26)
 - unexpected character ⡓ (19:26 to 19:27)
 - unexpected character ⢿ (19:27 to 19:28)
 - unexpected character ⣿ (19:28 to 19:29)
 - unexpected character ⢯ (19:29 to 19:30)
 - unexpected character ⡹ (19:30 to 19:31)
 - unexpected character ⣍ (19:31 to 19:32)
 - unexpected character ⢯ (19:32 to 19:33)
 - unexpected character ⡹ (19:33 to 19:34)
 - unexpected character ⣋ (19:34 to 19:35)
 - unexpected character ⡟ (19:35 to 19:36)
 - unexpected character ⡴ (19:36 to 19:37)
 - unexpected character ⣩ (19:37 to 19:38)
 - unexpected character ⣿ (19:38 to 19:39)
 - unexpected character ⢱ (19:39 to 19:40)
 - unexpected character ⣿ (19:40 to 19:41)
 - unexpected character ⡏ (19:41 to 19:42)
 - unexpected character ⣠ (19:42 to 19:43)
 - unexpected character ⠈ (19:43 to 19:44)
 - unexpected character ⣧ (19:44 to 19:45)
 - unexpected character ⠀ (19:45 to 19:46)
 - unexpected character ⠀ (19:46 to 19:47)
 - unexpected character ⠀ (19:47 to 19:48)
 - unexpected character ⠀ (19:48 to 19:49)
 - unexpected character ⢀ (19:49 to 19:50)
 - unexpected character ⣴ (19:50 to 19:51)
 - unexpected character ⠞ (19:51 to 19:52)
 - unexpected character ⠁ (19:52 to 19:53)
 - unexpected character ⠀ (19:53 to 19:54)
 - unexpected character ⣠ (19:54 to 19:55)
 - unexpected character ⠁ (19:55 to 19:56)
 - unexpected character ⠀ (19:56 to 19:57)
 - unexpected character ⠀ (19:57 to 19:58)
 - unexpected character ⠀ (19:58 to 19:59)
 - unexpected character ⠀ (19:59 to 19:60)
 - unexpected character ⠀ (19:60 to 19:61)
 - unexpected character ⠀ (19:61 to 19:62)
 - unexpected character ⠀ (19:62 to 19:63)
 - unexpected character ⠀ (19:63 to 19:64)
 - unexpected character ⠀ (19:64 to 19:65)
 - unexpected character ⠀ (19:65 to 19:66)
 - unexpected character ⡿ (20:10 to 20:11)
 - unexpected character ⣿ (20:11 to 20:12)
 - unexpected character ⣽ (20:12 to 20:13)
 - unexpected character ⣎ (20:13 to 20:14)
 - unexpected character ⡟ (20:14 to 20:15)
 - unexpected character ⣿ (20:15 to 20:16)
 - unexpected character ⣭ (20:16 to 20:17)
 - unexpected character ⣦ (20:17 to 20:18)
 - unexpected character ⣀ (20:18 to 20:19)
 - unexpected character ⠀ (20:19 to 20:20)
 - unexpected character ⠀ (20:20 to 20:21)
 - unexpected character ⣼ (20:21 to 20:22)
 - unexpected character ⢿ (20:22 to 20:23)
 - unexpected character ⡌ (20:23 to 20:24)
 - unexpected character ⢿ (20:24 to 20:25)
 - unexpected character ⣧ (20:25 to 20:26)
 - unexpected character ⠜ (20:26 to 20:27)
 - unexpected character ⣹ (20:27 to 20:28)
 - unexpected character ⣟ (20:28 to 20:29)
 - unexpected character ⢮ (20:29 to 20:30)
 - unexpected character ⡵ (20:30 to 20:31)
 - unexpected character ⣚ (20:31 to 20:32)
 - unexpected character ⠶ (20:32 to 20:33)
 - unexpected character ⣱ (20:33 to 20:34)
 - unexpected character ⢣ (20:34 to 20:35)
 - unexpected character ⣝ (20:35 to 20:36)
 - unexpected character ⠲ (20:36 to 20:37)
 - unexpected character ⣙ (20:37 to 20:38)
 - unexpected character ⢿ (20:38 to 20:39)
 - unexpected character ⣾ (20:39 to 20:40)
 - unexpected character ⣿ (20:40 to 20:41)
 - unexpected character ⣇ (20:41 to 20:42)
 - unexpected character ⡷ (20:42 to 20:43)
 - unexpected character ⠀ (20:43 to 20:44)
 - unexpected character ⣿ (20:44 to 20:45)
 - unexpected character ⠀ (20:45 to 20:46)
 - unexpected character ⠀ (20:46 to 20:47)
 - unexpected character ⣀ (20:47 to 20:48)
 - unexpected character ⣰ (20:48 to 20:49)
 - unexpected character ⠟ (20:49 to 20:50)
 - unexpected character ⠁ (20:50 to 20:51)
 - unexpected character ⠀ (20:51 to 20:52)
 - unexpected character ⢀ (20:52 to 20:53)
 - unexpected character ⡜ (20:53 to 20:54)
 - unexpected character ⠁ (20:54 to 20:55)
 - unexpected character ⠀ (20:55 to 20:56)
 - unexpected character ⠀ (20:56 to 20:57)
 - unexpected character ⠀ (20:57 to 20:58)
 - unexpected character ⠀ (20:58 to 20:59)
 - unexpected character ⠀ (20:59 to 20:60)
 - unexpected character ⠀ (20:60 to 20:61)
 - unexpected character ⠀ (20:61 to 20:62)
 - unexpected character ⠀ (20:62 to 20:63)
 - unexpected character ⠀ (20:63 to 20:64)
 - unexpected character ⠀ (20:64 to 20:65)
 - unexpected character ⠀ (20:65 to 20:66)
 - unexpected character ⢛ (21:11 to 21:12)
 - unexpected character ⠿ (21:12 to 21:13)
 - unexpected character ⣿ (21:13 to 21:14)
 - unexpected character ⣾ (21:14 to 21:15)
 - unexpected character ⣽ (21:15 to 21:16)
 - unexpected character ⣛ (21:16 to 21:17)
 - unexpected character ⣛ (21:17 to 21:18)
 - unexpected character ⢛ (21:18 to 21:19)
 - unexpected character ⡛ (21:19 to 21:20)
 - unexpected character ⣿ (21:20 to 21:21)
 - unexpected character ⣿ (21:21 to 21:22)
 - unexpected character ⣷ (21:22 to 21:23)
 - unexpected character ⡛ (21:23 to 21:24)
 - unexpected character ⣯ (21:24 to 21:25)
 - unexpected character ⢻ (21:25 to 21:26)
 - unexpected character ⣬ (21:26 to 21:27)
 - unexpected character ⣿ (21:27 to 21:28)
 - unexpected character ⣟ (21:28 to 21:29)
 - unexpected character ⢮ (21:29 to 21:30)
 - unexpected character ⡳ (21:30 to 21:31)
 - unexpected character ⣭ (21:31 to 21:32)
 - unexpected character ⢫ (21:32 to 21:33)
 - unexpected character ⣕ (21:33 to 21:34)
 - unexpected character ⡫ (21:34 to 21:35)
 - unexpected character ⣜ (21:35 to 21:36)
 - unexpected character ⢣ (21:36 to 21:37)
 - unexpected character ⣾ (21:37 to 21:38)
 - unexpected character ⣟ (21:38 to 21:39)
 - unexpected character ⣯ (21:39 to 21:40)
 - unexpected character ⣿ (21:40 to 21:41)
 - unexpected character ⢻ (21:41 to 21:42)
 - unexpected character ⡇ (21:42 to 21:43)
 - unexpected character ⠀ (21:43 to 21:44)
 - unexpected character ⠘ (21:44 to 21:45)
 - unexpected character ⡷ (21:45 to 21:46)
 - unexpected character ⡏ (21:46 to 21:47)
 - unexpected character ⠉ (21:47 to 21:48)
 - unexpected character ⠁ (21:48 to 21:49)
 - unexpected character ⢀ (21:49 to 21:50)
 - unexpected character ⡟ (21:50 to 21:51)
 - unexpected character ⠀ (21:51 to 21:52)
 - unexpected character ⠋ (21:52 to 21:53)
 - unexpected character ⠀ (21:53 to 21:54)
 - unexpected character ⠀ (21:54 to 21:55)
 - unexpected character ⠀ (21:55 to 21:56)
 - unexpected character ⠀ (21:56 to 21:57)
 - unexpected character ⠀ (21:57 to 21:58)
 - unexpected character ⠀ (21:58 to 21:59)
 - unexpected character ⠀ (21:59 to 21:60)
 - unexpected character ⠀ (21:60 to 21:61)
 - unexpected character ⠀ (21:61 to 21:62)
 - unexpected character ⠀ (21:62 to 21:63)
 - unexpected character ⠀ (21:63 to 21:64)
 - unexpected character ⠀ (21:64 to 21:65)
 - unexpected character ⠀ (21:65 to 21:66)
 - unexpected character ⢎ (22:12 to 22:13)
 - unexpected character ⠹ (22:13 to 22:14)
 - unexpected character ⢿ (22:14 to 22:15)
 - unexpected character ⣶ (22:15 to 22:16)
 - unexpected character ⡷ (22:16 to 22:17)
 - unexpected character ⣬ (22:17 to 22:18)
 - unexpected character ⠳ (22:18 to 22:19)
 - unexpected character ⡼ (22:19 to 22:20)
 - unexpected character ⣏ (22:20 to 22:21)
 - unexpected character ⣿ (22:21 to 22:22)
 - unexpected character ⣾ (22:22 to 22:23)
 - unexpected character ⢿ (22:23 to 22:24)
 - unexpected character ⣞ (22:24 to 22:25)
 - unexpected character ⠀ (22:25 to 22:26)
 - unexpected character ⠻ (22:26 to 22:27)
 - unexpected character ⣿ (22:27 to 22:28)
 - unexpected character ⣟ (22:28 to 22:29)
 - unexpected character ⢮ (22:29 to 22:30)
 - unexpected character ⡳ (22:30 to 22:31)
 - unexpected character ⢧ (22:31 to 22:32)
 - unexpected character ⣫ (22:32 to 22:33)
 - unexpected character ⠖ (22:33 to 22:34)
 - unexpected character ⡽ (22:34 to 22:35)
 - unexpected character ⣘ (22:35 to 22:36)
 - unexpected character ⠦ (22:36 to 22:37)
 - unexpected character ⣿ (22:37 to 22:38)
 - unexpected character ⢻ (22:38 to 22:39)
 - unexpected character ⣯ (22:39 to 22:40)
 - unexpected character ⠻ (22:40 to 22:41)
 - unexpected character ⣧ (22:41 to 22:42)
 - unexpected character ⣿ (22:42 to 22:43)
 - unexpected character ⣆ (22:43 to 22:44)
 - unexpected character ⠀ (22:44 to 22:45)
 - unexpected character ⠙ (22:45 to 22:46)
 - unexpected character ⢹ (22:46 to 22:47)
 - unexpected character ⡆ (22:47 to 22:48)
 - unexpected character ⠀ (22:48 to 22:49)
 - unexpected character ⠘ (22:49 to 22:50)
 - unexpected character ⠀ (22:50 to 22:51)
 - unexpected character ⠀ (22:51 to 22:52)
 - unexpected character ⠀ (22:52 to 22:53)
 - unexpected character ⠀ (22:53 to 22:54)
 - unexpected character ⠀ (22:54 to 22:55)
 - unexpected character ⠀ (22:55 to 22:56)
 - unexpected character ⠀ (22:56 to 22:57)

2025-12-07 19:10:02[ERROR] Formatter 'stylua' error: error: could not format from stdin: failed to format from stdin: error parsing: 
 - unexpected token `{` (1:1 to 1:2), unexpected token, this needs to be a statement
 - unexpected token `(` (4:18 to 4:19), expected function name
 - unexpected token `(` (4:18 to 4:19), expected an expression after `(`
 - unexpected token `)` (4:19 to 4:20), unexpected token, this needs to be a statement

2025-12-07 21:36:22[ERROR] Formatter 'shfmt' error: /home/stoqz/.dotfiles/.local/bin/rofi-wallpaper:19:1: ) can only be used to close a subshell

2025-12-07 21:36:46[ERROR] Formatter 'shfmt' error: /home/stoqz/.dotfiles/.local/bin/rofi-wallpaper:19:1: ) can only be used to close a subshell

2025-12-07 21:36:59[ERROR] Formatter 'shfmt' error: /home/stoqz/.dotfiles/.local/bin/rofi-wallpaper:17:1: ) can only be used to close a subshell

2025-12-07 21:48:39[ERROR] Formatter 'shfmt' error: /home/stoqz/.dotfiles/.local/bin/rofi-wallpaper:16:3: "done" can only be used to end a loop

2025-12-07 21:48:44[ERROR] Formatter 'shfmt' error: /home/stoqz/.dotfiles/.local/bin/rofi-wallpaper:16:3: "done" can only be used to end a loop

2025-12-07 21:49:14[ERROR] Formatter 'shfmt' error: /home/stoqz/.dotfiles/.local/bin/rofi-wallpaper:16:3: "done" can only be used to end a loop

2025-12-07 21:53:38[ERROR] Formatter 'shfmt' error: /home/stoqz/.dotfiles/.local/bin/rofi-wallpaper:14:5: test operator words must consist of a single literal

2025-12-07 21:53:41[ERROR] Formatter 'shfmt' error: /home/stoqz/.dotfiles/.local/bin/rofi-wallpaper:14:5: test operator words must consist of a single literal

2025-12-07 21:54:59[ERROR] Formatter 'shfmt' error: /home/stoqz/.dotfiles/.local/bin/rofi-wallpaper:14:5: test operator words must consist of a single literal

2025-12-07 21:55:22[ERROR] Formatter 'shfmt' error: /home/stoqz/.dotfiles/.local/bin/rofi-wallpaper:14:5: test operator words must consist of a single literal

2025-12-07 21:58:24[ERROR] Formatter 'shfmt' error: /home/stoqz/.dotfiles/.local/bin/rofi-wallpaper:14:5: test operator words must consist of a single literal

2025-12-07 21:59:20[ERROR] Formatter 'shfmt' error: /home/stoqz/.dotfiles/.local/bin/rofi-wallpaper:14:5: test operator words must consist of a single literal

